test_actual_clean_source_and_output_bound (test_release_reliability.BuildTests.test_actual_clean_source_and_output_bound) ... ok
test_dirty_source_and_stale_output_refused (test_release_reliability.BuildTests.test_dirty_source_and_stale_output_refused) ... ok
test_failed_build_retained_and_not_reusable (test_release_reliability.BuildTests.test_failed_build_retained_and_not_reusable) ... ok
test_governed_prepare_binds_record_and_keeps_protected (test_release_reliability.BuildTests.test_governed_prepare_binds_record_and_keeps_protected) ... ok
test_output_tampering_and_source_drift_refused (test_release_reliability.BuildTests.test_output_tampering_and_source_drift_refused) ... ok
test_post_build_source_mutation_rejected (test_release_reliability.BuildTests.test_post_build_source_mutation_rejected) ... ok
test_timeout_retains_logs (test_release_reliability.BuildTests.test_timeout_retains_logs) ... ok
test_wrong_origin_or_overlapping_record_rejected (test_release_reliability.BuildTests.test_wrong_origin_or_overlapping_record_rejected) ... ok
test_before_and_after_push_interruption_never_retries (test_release_reliability.EvidencePublicationTests.test_before_and_after_push_interruption_never_retries) ... ok
test_real_bare_remote_orphan_only_evidence_and_readonly_resume (test_release_reliability.EvidencePublicationTests.test_real_bare_remote_orphan_only_evidence_and_readonly_resume) ... ok
test_workflow_and_tampering_rejected (test_release_reliability.EvidencePublicationTests.test_workflow_and_tampering_rejected) ... ok
test_actual_commit_tree_must_match_artifact (test_release_reliability.FinalizeTests.test_actual_commit_tree_must_match_artifact) ... ok
test_aegis_requires_real_done_qa_merge_integration (test_release_reliability.FinalizeTests.test_aegis_requires_real_done_qa_merge_integration) ... ok
test_deployment_binding_failures (test_release_reliability.FinalizeTests.test_deployment_binding_failures) ... ok
test_generic_success_wrong_workflow_rejected (test_release_reliability.FinalizeTests.test_generic_success_wrong_workflow_rejected) ... ok
test_legacy_prepare_cannot_claim_governed_build (test_release_reliability.FinalizeTests.test_legacy_prepare_cannot_claim_governed_build) ... ok
test_missing_deployment_cannot_be_success (test_release_reliability.FinalizeTests.test_missing_deployment_cannot_be_success) ... ok
test_observation_derived_success (test_release_reliability.FinalizeTests.test_observation_derived_success) ... ok
test_partial_file_verification_refused (test_release_reliability.FinalizeTests.test_partial_file_verification_refused) ... ok
test_resume_does_not_rewrite_or_repush_unknown_publication (test_release_reliability.FinalizeTests.test_resume_does_not_rewrite_or_repush_unknown_publication) ... ok
test_smoke_wrong_candidate_or_workaround_missing_steps (test_release_reliability.FinalizeTests.test_smoke_wrong_candidate_or_workaround_missing_steps) ... ok
test_zero_exit_only_not_browser_observation (test_release_reliability.FinalizeTests.test_zero_exit_only_not_browser_observation) ... ok
test_after_effect_timeout_reconciles_original_without_repost (test_release_reliability.ReportTests.test_after_effect_timeout_reconciles_original_without_repost) ... ok
test_incomplete_pagination_never_posts (test_release_reliability.ReportTests.test_incomplete_pagination_never_posts) ... ok
test_same_record_with_changed_content_is_not_reused (test_release_reliability.ReportTests.test_same_record_with_changed_content_is_not_reused) ... ok

----------------------------------------------------------------------
Ran 25 tests in 4.695s

OK
